

 ETABS Ultimate 64-bit 19.1.0 Build 2420 (Analysis Build 9853/64)
 File: C:\Users\HP.DESKTOP-LLL...ETABS\modelos_abolladura\01_abolladura_viga.LOG




 B E G I N   A N A L Y S I S                                2025/09/15  12:38:24


 RUNNING ANALYSIS AS A SEPARATE PROCESS
 USING THE ADVANCED SOLVER (PROVIDES LIMITED INSTABILITY INFORMATION)

 NUMBER OF JOINTS                          =           2
    WITH RESTRAINTS                        =           1
    WITH MASS                              =           2
 NUMBER OF FRAME/TENDON ELEMENTS           =           1
 NUMBER OF LOAD PATTERNS                   =           2
 NUMBER OF ACCELERATION LOADS              =           9
 NUMBER OF LOAD CASES                      =           2

 ADDRESSABLE PHYSICAL MEMORY (RAM)         =      15.342 GB

 PARALLELIZATION OF ANALYSIS OPERATIONS:
  (Env. variable SAPFIRE_NUM_THREADS not set)
 NUMBER OF THREADS: STATE (AUTOMATIC)      =           4
 NUMBER OF THREADS: STIFFNESS (AUTOMATIC)  =           4
 NUMBER OF THREADS: EVENT (AUTOMATIC)      =           4
 NUMBER OF THREADS: MOVE (AUTOMATIC)       =           4
 NUMBER OF THREADS: RESPONSE (AUTOMATIC)   =           4
 NUMBER OF THREADS: SOLVE (AUTOMATIC)      =           4
 NUMBER OF THREADS: FORM (AUTOMATIC)       =           4


 E L E M E N T   F O R M A T I O N                                      12:38:24



 L I N E A R   E Q U A T I O N   S O L U T I O N                        12:38:24

 FORMING STIFFNESS AT ZERO (UNSTRESSED) INITIAL CONDITIONS

 TOTAL NUMBER OF EQUILIBRIUM EQUATIONS     =           6
 NUMBER OF NON-ZERO STIFFNESS TERMS        =          21

 ---------------------------------
 BASIC STABILITY CHECK FOR LINEAR LOAD CASES:
    NUMBER OF NEGATIVE STIFFNESS EIGENVALUES SHOULD BE ZERO FOR STABILITY.
    (NOTE: FURTHER CHECKS SHOULD BE CONSIDERED AS DEEMED NECESSARY,
     SUCH AS REVIEWING EIGEN MODES FOR MECHANISMS AND RIGID-BODY MOTION)

    NUMBER OF NEGATIVE EIGENVALUES         =           0,  OK.
 ---------------------------------


 L I N E A R   S T A T I C   C A S E S                                  12:38:24

 USING STIFFNESS AT ZERO (UNSTRESSED) INITIAL CONDITIONS

 TOTAL NUMBER OF CASES TO SOLVE            =           2
 NUMBER OF CASES TO SOLVE PER BLOCK        =           2

 LINEAR STATIC CASES TO BE SOLVED:

 CASE: LIVE
 CASE: ~LLRF


 A N A L Y S I S   C O M P L E T E                          2025/09/15  12:38:24
