This is pdfTeX, Version 3.141592653-2.6-1.40.25 (TeX Live 2023/Debian) (preloaded format=pdflatex 2026.3.18)  20 JUN 2026 16:01
entering extended mode
 restricted \write18 enabled.
 %&-line parsing enabled.
**main.tex
(./main.tex
LaTeX2e <2023-11-01> patch level 1
L3 programming layer <2024-01-22>
(./elsarticle.cls
Document Class: elsarticle 2024/04/04, 3.4: Elsevier Ltd
(/usr/share/texlive/texmf-dist/tex/latex/base/fontenc.sty
Package: fontenc 2021/04/29 v2.0v Standard LaTeX package
)
(/usr/share/texlive/texmf-dist/tex/latex/l3kernel/expl3.sty
Package: expl3 2024-01-22 L3 programming layer (loader) 

(/usr/share/texlive/texmf-dist/tex/latex/l3backend/l3backend-pdftex.def
File: l3backend-pdftex.def 2024-01-04 L3 backend support: PDF output (pdfTeX)
\l__color_backend_stack_int=\count187
\l__pdf_internal_box=\box51
))
(/usr/share/texlive/texmf-dist/tex/latex/l3packages/xparse/xparse.sty
Package: xparse 2023-10-10 L3 Experimental document command parser
)
(/usr/share/texlive/texmf-dist/tex/latex/etoolbox/etoolbox.sty
Package: etoolbox 2020/10/05 v2.5k e-TeX tools for LaTeX (JAW)
\etb@tempcnta=\count188
)
\@bls=\dimen140

(/usr/share/texlive/texmf-dist/tex/latex/base/article.cls
Document Class: article 2023/05/17 v1.4n Standard LaTeX document class
(/usr/share/texlive/texmf-dist/tex/latex/base/size12.clo
File: size12.clo 2023/05/17 v1.4n Standard LaTeX file (size option)
)
\c@part=\count189
\c@section=\count190
\c@subsection=\count191
\c@subsubsection=\count192
\c@paragraph=\count193
\c@subparagraph=\count194
\c@figure=\count195
\c@table=\count196
\abovecaptionskip=\skip48
\belowcaptionskip=\skip49
\bibindent=\dimen141
)
(/usr/share/texlive/texmf-dist/tex/latex/graphics/graphicx.sty
Package: graphicx 2021/09/16 v1.2d Enhanced LaTeX Graphics (DPC,SPQR)

(/usr/share/texlive/texmf-dist/tex/latex/graphics/keyval.sty
Package: keyval 2022/05/29 v1.15 key=value parser (DPC)
\KV@toks@=\toks17
)
(/usr/share/texlive/texmf-dist/tex/latex/graphics/graphics.sty
Package: graphics 2022/03/10 v1.4e Standard LaTeX Graphics (DPC,SPQR)

(/usr/share/texlive/texmf-dist/tex/latex/graphics/trig.sty
Package: trig 2021/08/11 v1.11 sin cos tan (DPC)
)
(/usr/share/texlive/texmf-dist/tex/latex/graphics-cfg/graphics.cfg
File: graphics.cfg 2016/06/04 v1.11 sample graphics configuration
)
Package graphics Info: Driver file: pdftex.def on input line 107.

(/usr/share/texlive/texmf-dist/tex/latex/graphics-def/pdftex.def
File: pdftex.def 2022/09/22 v1.2b Graphics/color driver for pdftex
))
\Gin@req@height=\dimen142
\Gin@req@width=\dimen143
)
\c@tnote=\count197
\c@fnote=\count198
\c@cnote=\count199
\c@ead=\count266
\c@author=\count267
\@eadauthor=\toks18
\c@affn=\count268
\absbox=\box52
\elsarticlehighlightsbox=\box53
\elsarticlegrabsbox=\box54
\keybox=\box55
\Columnwidth=\dimen144
\space@left=\dimen145
\els@boxa=\box56
\els@boxb=\box57
\leftMargin=\dimen146
\@enLab=\toks19
\@sep=\skip50
\@@sep=\skip51
 (./main.spl) (/usr/share/texlive/texmf-dist/tex/latex/natbib/natbib.sty
Package: natbib 2010/09/13 8.31b (PWD, AO)
\bibhang=\skip52
\bibsep=\skip53
LaTeX Info: Redefining \cite on input line 694.
\c@NAT@ctr=\count269
)
\splwrite=\write3
\openout3 = `main.spl'.

\appnamewidth=\dimen147
)
(/usr/share/texlive/texmf-dist/tex/latex/amsmath/amsmath.sty
Package: amsmath 2023/05/13 v2.17o AMS math features
\@mathmargin=\skip54

For additional information on amsmath, use the `?' option.
(/usr/share/texlive/texmf-dist/tex/latex/amsmath/amstext.sty
Package: amstext 2021/08/26 v2.01 AMS text

(/usr/share/texlive/texmf-dist/tex/latex/amsmath/amsgen.sty
File: amsgen.sty 1999/11/30 v2.0 generic functions
\@emptytoks=\toks20
\ex@=\dimen148
))
(/usr/share/texlive/texmf-dist/tex/latex/amsmath/amsbsy.sty
Package: amsbsy 1999/11/29 v1.2d Bold Symbols
\pmbraise@=\dimen149
)
(/usr/share/texlive/texmf-dist/tex/latex/amsmath/amsopn.sty
Package: amsopn 2022/04/08 v2.04 operator names
)
\inf@bad=\count270
LaTeX Info: Redefining \frac on input line 234.
\uproot@=\count271
\leftroot@=\count272
LaTeX Info: Redefining \overline on input line 399.
LaTeX Info: Redefining \colon on input line 410.
\classnum@=\count273
\DOTSCASE@=\count274
LaTeX Info: Redefining \ldots on input line 496.
LaTeX Info: Redefining \dots on input line 499.
LaTeX Info: Redefining \cdots on input line 620.
\Mathstrutbox@=\box58
\strutbox@=\box59
LaTeX Info: Redefining \big on input line 722.
LaTeX Info: Redefining \Big on input line 723.
LaTeX Info: Redefining \bigg on input line 724.
LaTeX Info: Redefining \Bigg on input line 725.
\big@size=\dimen150
LaTeX Font Info:    Redeclaring font encoding OML on input line 743.
LaTeX Font Info:    Redeclaring font encoding OMS on input line 744.
\macc@depth=\count275
LaTeX Info: Redefining \bmod on input line 905.
LaTeX Info: Redefining \pmod on input line 910.
LaTeX Info: Redefining \smash on input line 940.
LaTeX Info: Redefining \relbar on input line 970.
LaTeX Info: Redefining \Relbar on input line 971.
\c@MaxMatrixCols=\count276
\dotsspace@=\muskip16
\c@parentequation=\count277
\dspbrk@lvl=\count278
\tag@help=\toks21
\row@=\count279
\column@=\count280
\maxfields@=\count281
\andhelp@=\toks22
\eqnshift@=\dimen151
\alignsep@=\dimen152
\tagshift@=\dimen153
\tagwidth@=\dimen154
\totwidth@=\dimen155
\lineht@=\dimen156
\@envbody=\toks23
\multlinegap=\skip55
\multlinetaggap=\skip56
\mathdisplay@stack=\toks24
LaTeX Info: Redefining \[ on input line 2953.
LaTeX Info: Redefining \] on input line 2954.
)
(/usr/share/texlive/texmf-dist/tex/latex/amsfonts/amssymb.sty
Package: amssymb 2013/01/14 v3.01 AMS font symbols

(/usr/share/texlive/texmf-dist/tex/latex/amsfonts/amsfonts.sty
Package: amsfonts 2013/01/14 v3.01 Basic AMSFonts support
\symAMSa=\mathgroup4
\symAMSb=\mathgroup5
LaTeX Font Info:    Redeclaring math symbol \hbar on input line 98.
LaTeX Font Info:    Overwriting math alphabet `\mathfrak' in version `bold'
(Font)                  U/euf/m/n --> U/euf/b/n on input line 106.
))
(/usr/share/texlive/texmf-dist/tex/latex/booktabs/booktabs.sty
Package: booktabs 2020/01/12 v1.61803398 Publication quality tables
\heavyrulewidth=\dimen157
\lightrulewidth=\dimen158
\cmidrulewidth=\dimen159
\belowrulesep=\dimen160
\belowbottomsep=\dimen161
\aboverulesep=\dimen162
\abovetopsep=\dimen163
\cmidrulesep=\dimen164
\cmidrulekern=\dimen165
\defaultaddspace=\dimen166
\@cmidla=\count282
\@cmidlb=\count283
\@aboverulesep=\dimen167
\@belowrulesep=\dimen168
\@thisruleclass=\count284
\@lastruleclass=\count285
\@thisrulewidth=\dimen169
)
(/usr/share/texlive/texmf-dist/tex/latex/caption/subcaption.sty
Package: subcaption 2023/07/28 v1.6b Sub-captions (AR)

(/usr/share/texlive/texmf-dist/tex/latex/caption/caption.sty
Package: caption 2023/08/05 v3.6o Customizing captions (AR)

(/usr/share/texlive/texmf-dist/tex/latex/caption/caption3.sty
Package: caption3 2023/07/31 v2.4d caption3 kernel (AR)
\caption@tempdima=\dimen170
\captionmargin=\dimen171
\caption@leftmargin=\dimen172
\caption@rightmargin=\dimen173
\caption@width=\dimen174
\caption@indent=\dimen175
\caption@parindent=\dimen176
\caption@hangindent=\dimen177
Package caption Info: elsarticle document class detected.

(/usr/share/texlive/texmf-dist/tex/latex/caption/caption-elsarticle.sto
File: caption-elsarticle.sto 2020/08/22 v2.0 Adaption of the caption package to
 the elsarticle document class (AR)
))
\c@caption@flags=\count286
\c@continuedfloat=\count287
)
Package caption Info: New subtype `subfigure' on input line 238.
\c@subfigure=\count288
Package caption Info: New subtype `subtable' on input line 238.
\c@subtable=\count289
)
(/usr/share/texlive/texmf-dist/tex/latex/threeparttable/threeparttable.sty
Package: threeparttable 2003/06/13  v 3.0
\@tempboxb=\box60
)
(/usr/share/texlive/texmf-dist/tex/latex/placeins/placeins.sty
Package: placeins 2005/04/18  v 2.2
)
(/usr/share/texlive/texmf-dist/tex/latex/float/float.sty
Package: float 2001/11/08 v1.3d Float enhancements (AL)
\c@float@type=\count290
\float@exts=\toks25
\float@box=\box61
\@float@everytoks=\toks26
\@floatcapt=\box62
)
(/usr/share/texlive/texmf-dist/tex/latex/tools/longtable.sty
Package: longtable 2023-11-01 v4.19 Multi-page Table package (DPC)
\LTleft=\skip57
\LTright=\skip58
\LTpre=\skip59
\LTpost=\skip60
\LTchunksize=\count291
\LTcapwidth=\dimen178
\LT@head=\box63
\LT@firsthead=\box64
\LT@foot=\box65
\LT@lastfoot=\box66
\LT@gbox=\box67
\LT@cols=\count292
\LT@rows=\count293
\c@LT@tables=\count294
\c@LT@chunks=\count295
\LT@p@ftn=\toks27
)
(/usr/share/texlive/texmf-dist/tex/latex/base/inputenc.sty
Package: inputenc 2021/02/14 v1.3d Input encoding file
\inpenc@prehook=\toks28
\inpenc@posthook=\toks29
)
(/usr/share/texlive/texmf-dist/tex/latex/base/fontenc.sty
Package: fontenc 2021/04/29 v2.0v Standard LaTeX package
)
(/usr/share/texlive/texmf-dist/tex/latex/hyperref/hyperref.sty
Package: hyperref 2024-01-20 v7.01h Hypertext links for LaTeX

(/usr/share/texlive/texmf-dist/tex/generic/iftex/iftex.sty
Package: iftex 2022/02/03 v1.0f TeX engine tests
)
(/usr/share/texlive/texmf-dist/tex/latex/kvsetkeys/kvsetkeys.sty
Package: kvsetkeys 2022-10-05 v1.19 Key value parser (HO)
)
(/usr/share/texlive/texmf-dist/tex/generic/kvdefinekeys/kvdefinekeys.sty
Package: kvdefinekeys 2019-12-19 v1.6 Define keys (HO)
)
(/usr/share/texlive/texmf-dist/tex/generic/pdfescape/pdfescape.sty
Package: pdfescape 2019/12/09 v1.15 Implements pdfTeX's escape features (HO)

(/usr/share/texlive/texmf-dist/tex/generic/ltxcmds/ltxcmds.sty
Package: ltxcmds 2023-12-04 v1.26 LaTeX kernel commands for general use (HO)
)
(/usr/share/texlive/texmf-dist/tex/generic/pdftexcmds/pdftexcmds.sty
Package: pdftexcmds 2020-06-27 v0.33 Utility functions of pdfTeX for LuaTeX (HO
)

(/usr/share/texlive/texmf-dist/tex/generic/infwarerr/infwarerr.sty
Package: infwarerr 2019/12/03 v1.5 Providing info/warning/error messages (HO)
)
Package pdftexcmds Info: \pdf@primitive is available.
Package pdftexcmds Info: \pdf@ifprimitive is available.
Package pdftexcmds Info: \pdfdraftmode found.
))
(/usr/share/texlive/texmf-dist/tex/latex/hycolor/hycolor.sty
Package: hycolor 2020-01-27 v1.10 Color options for hyperref/bookmark (HO)
)
(/usr/share/texlive/texmf-dist/tex/latex/auxhook/auxhook.sty
Package: auxhook 2019-12-17 v1.6 Hooks for auxiliary files (HO)
)
(/usr/share/texlive/texmf-dist/tex/latex/hyperref/nameref.sty
Package: nameref 2023-11-26 v2.56 Cross-referencing by name of section

(/usr/share/texlive/texmf-dist/tex/latex/refcount/refcount.sty
Package: refcount 2019/12/15 v3.6 Data extraction from label references (HO)
)
(/usr/share/texlive/texmf-dist/tex/generic/gettitlestring/gettitlestring.sty
Package: gettitlestring 2019/12/15 v1.6 Cleanup title references (HO)

(/usr/share/texlive/texmf-dist/tex/latex/kvoptions/kvoptions.sty
Package: kvoptions 2022-06-15 v3.15 Key value format for package options (HO)
))
\c@section@level=\count296
)
\@linkdim=\dimen179
\Hy@linkcounter=\count297
\Hy@pagecounter=\count298

(/usr/share/texlive/texmf-dist/tex/latex/hyperref/pd1enc.def
File: pd1enc.def 2024-01-20 v7.01h Hyperref: PDFDocEncoding definition (HO)
Now handling font encoding PD1 ...
... no UTF-8 mapping file for font encoding PD1
)
(/usr/share/texlive/texmf-dist/tex/generic/intcalc/intcalc.sty
Package: intcalc 2019/12/15 v1.3 Expandable calculations with integers (HO)
)
\Hy@SavedSpaceFactor=\count299

(/usr/share/texlive/texmf-dist/tex/latex/hyperref/puenc.def
File: puenc.def 2024-01-20 v7.01h Hyperref: PDF Unicode definition (HO)
Now handling font encoding PU ...
... no UTF-8 mapping file for font encoding PU
)
Package hyperref Info: Hyper figures OFF on input line 4179.
Package hyperref Info: Link nesting OFF on input line 4184.
Package hyperref Info: Hyper index ON on input line 4187.
Package hyperref Info: Plain pages OFF on input line 4194.
Package hyperref Info: Backreferencing OFF on input line 4199.
Package hyperref Info: Implicit mode ON; LaTeX internals redefined.
Package hyperref Info: Bookmarks ON on input line 4446.
\c@Hy@tempcnt=\count300

(/usr/share/texlive/texmf-dist/tex/latex/url/url.sty
\Urlmuskip=\muskip17
Package: url 2013/09/16  ver 3.4  Verb mode for urls, etc.
)
LaTeX Info: Redefining \url on input line 4784.
\XeTeXLinkMargin=\dimen180

(/usr/share/texlive/texmf-dist/tex/generic/bitset/bitset.sty
Package: bitset 2019/12/09 v1.3 Handle bit-vector datatype (HO)

(/usr/share/texlive/texmf-dist/tex/generic/bigintcalc/bigintcalc.sty
Package: bigintcalc 2019/12/15 v1.5 Expandable calculations on big integers (HO
)
))
\Fld@menulength=\count301
\Field@Width=\dimen181
\Fld@charsize=\dimen182
Package hyperref Info: Hyper figures OFF on input line 6063.
Package hyperref Info: Link nesting OFF on input line 6068.
Package hyperref Info: Hyper index ON on input line 6071.
Package hyperref Info: backreferencing OFF on input line 6078.
Package hyperref Info: Link coloring OFF on input line 6083.
Package hyperref Info: Link coloring with OCG OFF on input line 6088.
Package hyperref Info: PDF/A mode OFF on input line 6093.

(/usr/share/texlive/texmf-dist/tex/latex/base/atbegshi-ltx.sty
Package: atbegshi-ltx 2021/01/10 v1.0c Emulation of the original atbegshi
package with kernel methods
)
\Hy@abspage=\count302
\c@Item=\count303
\c@Hfootnote=\count304
)
Package hyperref Info: Driver (autodetected): hpdftex.

(/usr/share/texlive/texmf-dist/tex/latex/hyperref/hpdftex.def
File: hpdftex.def 2024-01-20 v7.01h Hyperref driver for pdfTeX

(/usr/share/texlive/texmf-dist/tex/latex/base/atveryend-ltx.sty
Package: atveryend-ltx 2020/08/19 v1.0a Emulation of the original atveryend pac
kage
with kernel methods
)
\Fld@listcount=\count305
\c@bookmark@seq@number=\count306

(/usr/share/texlive/texmf-dist/tex/latex/rerunfilecheck/rerunfilecheck.sty
Package: rerunfilecheck 2022-07-10 v1.10 Rerun checks for auxiliary files (HO)

(/usr/share/texlive/texmf-dist/tex/generic/uniquecounter/uniquecounter.sty
Package: uniquecounter 2019/12/15 v1.4 Provide unlimited unique counter (HO)
)
Package uniquecounter Info: New unique counter `rerunfilecheck' on input line 2
85.
)
\Hy@SectionHShift=\skip61
)
(./main.aux)
\openout1 = `main.aux'.

LaTeX Font Info:    Checking defaults for OML/cmm/m/it on input line 23.
LaTeX Font Info:    ... okay on input line 23.
LaTeX Font Info:    Checking defaults for OMS/cmsy/m/n on input line 23.
LaTeX Font Info:    ... okay on input line 23.
LaTeX Font Info:    Checking defaults for OT1/cmr/m/n on input line 23.
LaTeX Font Info:    ... okay on input line 23.
LaTeX Font Info:    Checking defaults for T1/cmr/m/n on input line 23.
LaTeX Font Info:    ... okay on input line 23.
LaTeX Font Info:    Checking defaults for TS1/cmr/m/n on input line 23.
LaTeX Font Info:    ... okay on input line 23.
LaTeX Font Info:    Checking defaults for OMX/cmex/m/n on input line 23.
LaTeX Font Info:    ... okay on input line 23.
LaTeX Font Info:    Checking defaults for U/cmr/m/n on input line 23.
LaTeX Font Info:    ... okay on input line 23.
LaTeX Font Info:    Checking defaults for PD1/pdf/m/n on input line 23.
LaTeX Font Info:    ... okay on input line 23.
LaTeX Font Info:    Checking defaults for PU/pdf/m/n on input line 23.
LaTeX Font Info:    ... okay on input line 23.
 (/usr/share/texlive/texmf-dist/tex/context/base/mkii/supp-pdf.mkii
[Loading MPS to PDF converter (version 2006.09.02).]
\scratchcounter=\count307
\scratchdimen=\dimen183
\scratchbox=\box68
\nofMPsegments=\count308
\nofMParguments=\count309
\everyMPshowfont=\toks30
\MPscratchCnt=\count310
\MPscratchDim=\dimen184
\MPnumerator=\count311
\makeMPintoPDFobject=\count312
\everyMPtoPDFconversion=\toks31
) (/usr/share/texlive/texmf-dist/tex/latex/epstopdf-pkg/epstopdf-base.sty
Package: epstopdf-base 2020-01-24 v2.11 Base part for package epstopdf
Package epstopdf-base Info: Redefining graphics rule for `.eps' on input line 4
85.

(/usr/share/texlive/texmf-dist/tex/latex/latexconfig/epstopdf-sys.cfg
File: epstopdf-sys.cfg 2010/07/13 v1.3 Configuration of (r)epstopdf for TeX Liv
e
))
Package caption Info: Begin \AtBeginDocument code.
Package caption Info: float package is loaded.
Package caption Info: hyperref package is loaded.
Package caption Info: longtable package is loaded.

(/usr/share/texlive/texmf-dist/tex/latex/caption/ltcaption.sty
Package: ltcaption 2021/01/08 v1.4c longtable captions (AR)
)
Package caption Info: threeparttable package is loaded.
Package caption Info: End \AtBeginDocument code.
Package hyperref Info: Link coloring OFF on input line 23.
 (./main.out)
(./main.out)
\@outlinefile=\write4
\openout4 = `main.out'.

LaTeX Font Info:    Trying to load font information for U+msa on input line 73.

 (/usr/share/texlive/texmf-dist/tex/latex/amsfonts/umsa.fd
File: umsa.fd 2013/01/14 v3.01 AMS symbols A
)
LaTeX Font Info:    Trying to load font information for U+msb on input line 73.


(/usr/share/texlive/texmf-dist/tex/latex/amsfonts/umsb.fd
File: umsb.fd 2013/01/14 v3.01 AMS symbols B
)
Overfull \hbox (5.68086pt too wide) in paragraph at lines 77--77
\T1/cmr/m/n/12 Francisco Javier Cisneros-Ruiz, Ivan Felix-Gonzalez, Rolando Sal
gado-Estrada 
 []


Package hyperref Warning: Token not allowed in a PDF string (Unicode):
(hyperref)                removing `\<def>-command' on input line 95.


Package hyperref Warning: Token not allowed in a PDF string (Unicode):
(hyperref)                removing `\cnotenum' on input line 95.


Package hyperref Warning: Token not allowed in a PDF string (Unicode):
(hyperref)                removing `\<def>-command' on input line 95.


Package hyperref Warning: Token not allowed in a PDF string (Unicode):
(hyperref)                removing `\@corref' on input line 95.

[1

{/var/lib/texmf/fonts/map/pdftex/updmap/pdftex.map}{/usr/share/texmf/fonts/enc/
dvips/cm-super/cm-super-t1.enc}{/usr/share/texmf/fonts/enc/dvips/cm-super/cm-su
per-ts1.enc}]
LaTeX Font Info:    Trying to load font information for T1+cmtt on input line 9
5.
 (/usr/share/texlive/texmf-dist/tex/latex/base/t1cmtt.fd
File: t1cmtt.fd 2023/04/13 v2.5m Standard LaTeX font definitions
)
pdfTeX warning (ext4): destination with the same identifier (name{page.1}) has 
been already used, duplicate ignored
<to be read again> 
                   \relax 
l.95 \end{frontmatter}
                       [1


] [2] [3] [4]
Overfull \hbox (123.25888pt too wide) in paragraph at lines 126--141
 [][] 
 []

[5] [6] [7]
<figs/004_modelo_elemento_tubula_seccion_longitudinal_parametros_abolladura.png
, id=272, 1036.87375pt x 861.2175pt>
File: figs/004_modelo_elemento_tubula_seccion_longitudinal_parametros_abolladur
a.png Graphic file (type png)
<use figs/004_modelo_elemento_tubula_seccion_longitudinal_parametros_abolladura
.png>
Package pdftex.def Info: figs/004_modelo_elemento_tubula_seccion_longitudinal_p
arametros_abolladura.png  used on input line 183.
(pdftex.def)             Requested size: 77.99881pt x 64.77249pt.
<figs/004_modelo_elemento_tubular_seccion_longitudinal_parametros_abolladura_co
n_funciones_de_interpolacion.png, id=275, 380.01974pt x 85.5195pt>
File: figs/004_modelo_elemento_tubular_seccion_longitudinal_parametros_abolladu
ra_con_funciones_de_interpolacion.png Graphic file (type png)
<use figs/004_modelo_elemento_tubular_seccion_longitudinal_parametros_abolladur
a_con_funciones_de_interpolacion.png>
Package pdftex.def Info: figs/004_modelo_elemento_tubular_seccion_longitudinal_
parametros_abolladura_con_funciones_de_interpolacion.png  used on input line 19
2.
(pdftex.def)             Requested size: 350.99762pt x 78.99205pt.
<figs/007_modeo_vista_3d_de_plataforma_tipo_jacket_de_caso_de_estudio.png, id=2
77, 302.63063pt x 650.43pt>
File: figs/007_modeo_vista_3d_de_plataforma_tipo_jacket_de_caso_de_estudio.png 
Graphic file (type png)
<use figs/007_modeo_vista_3d_de_plataforma_tipo_jacket_de_caso_de_estudio.png>
Package pdftex.def Info: figs/007_modeo_vista_3d_de_plataforma_tipo_jacket_de_c
aso_de_estudio.png  used on input line 204.
(pdftex.def)             Requested size: 155.99762pt x 335.2779pt.
 [8 <./figs/004_modelo_elemento_tubula_seccion_longitudinal_parametros_abolladu
ra.png> <./figs/004_modelo_elemento_tubular_seccion_longitudinal_parametros_abo
lladura_con_funciones_de_interpolacion.png>] [9 <./figs/007_modeo_vista_3d_de_p
lataforma_tipo_jacket_de_caso_de_estudio.png>]
<figs/005_metogologia_propuesta_para_identificar_daños_en_plataformas_reales.j
pg, id=295, 1419.3025pt x 709.65125pt>
File: figs/005_metogologia_propuesta_para_identificar_daños_en_plataformas_rea
les.jpg Graphic file (type jpg)
<use figs/005_metogologia_propuesta_para_identificar_daños_en_plataformas_real
es.jpg>
Package pdftex.def Info: figs/005_metogologia_propuesta_para_identificar_daños
_en_plataformas_reales.jpg  used on input line 219.
(pdftex.def)             Requested size: 350.99762pt x 175.49574pt.
 [10 <./figs/005_metogologia_propuesta_para_identificar_daños_en_plataformas_r
eales.jpg>]
Underfull \hbox (badness 10000) in paragraph at lines 249--250

 []


Underfull \hbox (badness 10000) in paragraph at lines 254--255

 []


Underfull \hbox (badness 10000) in paragraph at lines 259--260

 []

[11]
<figs/006_metodología_del_AG_para_localizar_daños_a_nivel_computacional.jpg, 
id=320, 1502.61375pt x 669.50125pt>
File: figs/006_metodología_del_AG_para_localizar_daños_a_nivel_computacional.
jpg Graphic file (type jpg)
<use figs/006_metodología_del_AG_para_localizar_daños_a_nivel_computacional.j
pg>
Package pdftex.def Info: figs/006_metodología_del_AG_para_localizar_daños_a_n
ivel_computacional.jpg  used on input line 284.
(pdftex.def)             Requested size: 350.99762pt x 156.38275pt.
 [12 <./figs/006_metodología_del_AG_para_localizar_daños_a_nivel_computaciona
l.jpg>]
Overfull \hbox (2.02365pt too wide) in paragraph at lines 298--299
[]\T1/cmr/bx/n/12 Stopping Cri-te-rion: \T1/cmr/m/n/12 The evo-lu-tion-ary pro-
cess ter-mi-nates upon reach-
 []

<figs/015_diagrama_como_funciona_el_AG_para_la_sumas_funcion_P_y_como_se_relaci
ona_con_operadores_geneticos_del_AG.jpg, id=333, 840.13875pt x 1197.47375pt>
File: figs/015_diagrama_como_funciona_el_AG_para_la_sumas_funcion_P_y_como_se_r
elaciona_con_operadores_geneticos_del_AG.jpg Graphic file (type jpg)
<use figs/015_diagrama_como_funciona_el_AG_para_la_sumas_funcion_P_y_como_se_re
laciona_con_operadores_geneticos_del_AG.jpg>
Package pdftex.def Info: figs/015_diagrama_como_funciona_el_AG_para_la_sumas_fu
ncion_P_y_como_se_relaciona_con_operadores_geneticos_del_AG.jpg  used on input 
line 306.
(pdftex.def)             Requested size: 331.50238pt x 472.49448pt.
[13] [14 <./figs/015_diagrama_como_funciona_el_AG_para_la_sumas_funcion_P_y_com
o_se_relaciona_con_operadores_geneticos_del_AG.jpg>] [15]
<../outputs/resultados_nuevos/corrosion_2026/figures/ICD_by_element_type_corros
ion.png, id=353, 711.8595pt x 422.0568pt>
File: ../outputs/resultados_nuevos/corrosion_2026/figures/ICD_by_element_type_c
orrosion.png Graphic file (type png)
<use ../outputs/resultados_nuevos/corrosion_2026/figures/ICD_by_element_type_co
rrosion.png>
Package pdftex.def Info: ../outputs/resultados_nuevos/corrosion_2026/figures/IC
D_by_element_type_corrosion.png  used on input line 362.
(pdftex.def)             Requested size: 350.99762pt x 208.10408pt.
 [16]
<../outputs/resultados_nuevos/abolladuras_2026/figures/ICD_by_element_type_abol
ladura.png, id=360, 711.8595pt x 422.0568pt>
File: ../outputs/resultados_nuevos/abolladuras_2026/figures/ICD_by_element_type
_abolladura.png Graphic file (type png)
<use ../outputs/resultados_nuevos/abolladuras_2026/figures/ICD_by_element_type_
abolladura.png>
Package pdftex.def Info: ../outputs/resultados_nuevos/abolladuras_2026/figures/
ICD_by_element_type_abolladura.png  used on input line 377.
(pdftex.def)             Requested size: 350.99762pt x 208.10408pt.
 [17 <../outputs/resultados_nuevos/corrosion_2026/figures/ICD_by_element_type_c
orrosion.png>]
<../outputs/resultados_nuevos/corrosion_2026/figures/ICD_by_zone_corrosion.png,
 id=372, 1290.0195pt x 1295.3193pt>
File: ../outputs/resultados_nuevos/corrosion_2026/figures/ICD_by_zone_corrosion
.png Graphic file (type png)
<use ../outputs/resultados_nuevos/corrosion_2026/figures/ICD_by_zone_corrosion.
png>
Package pdftex.def Info: ../outputs/resultados_nuevos/corrosion_2026/figures/IC
D_by_zone_corrosion.png  used on input line 393.
(pdftex.def)             Requested size: 187.19833pt x 187.96472pt.
<../outputs/resultados_nuevos/abolladuras_2026/figures/ICD_by_zone_abolladura.p
ng, id=373, 1290.0195pt x 1295.3193pt>
File: ../outputs/resultados_nuevos/abolladuras_2026/figures/ICD_by_zone_abollad
ura.png Graphic file (type png)
<use ../outputs/resultados_nuevos/abolladuras_2026/figures/ICD_by_zone_abolladu
ra.png>
Package pdftex.def Info: ../outputs/resultados_nuevos/abolladuras_2026/figures/
ICD_by_zone_abolladura.png  used on input line 399.
(pdftex.def)             Requested size: 187.19833pt x 187.96472pt.
<figs/008_nombres_zonas_estudio_modelo_plataforma_marina_splashzone_subs_y_mudl
ine_en_una_sola_grafica.png, id=374, 848.16875pt x 1187.43625pt>
File: figs/008_nombres_zonas_estudio_modelo_plataforma_marina_splashzone_subs_y
_mudline_en_una_sola_grafica.png Graphic file (type png)
<use figs/008_nombres_zonas_estudio_modelo_plataforma_marina_splashzone_subs_y_
mudline_en_una_sola_grafica.png>
Package pdftex.def Info: figs/008_nombres_zonas_estudio_modelo_plataforma_marin
a_splashzone_subs_y_mudline_en_una_sola_grafica.png  used on input line 410.
(pdftex.def)             Requested size: 214.50119pt x 300.3009pt.

[18 <../outputs/resultados_nuevos/abolladuras_2026/figures/ICD_by_element_type_
abolladura.png> <../outputs/resultados_nuevos/corrosion_2026/figures/ICD_by_zon
e_corrosion.png> <../outputs/resultados_nuevos/abolladuras_2026/figures/ICD_by_
zone_abolladura.png>]
Overfull \hbox (42.916pt too wide) in paragraph at lines 433--443
 [][] 
 []

[19 <./figs/008_nombres_zonas_estudio_modelo_plataforma_marina_splashzone_subs_
y_mudline_en_una_sola_grafica.png>]
<../outputs/resultados_nuevos/experimental_design_distribution.png, id=392, 114
7.6476pt x 372.1905pt>
File: ../outputs/resultados_nuevos/experimental_design_distribution.png Graphic
 file (type png)
<use ../outputs/resultados_nuevos/experimental_design_distribution.png>
Package pdftex.def Info: ../outputs/resultados_nuevos/experimental_design_distr
ibution.png  used on input line 457.
(pdftex.def)             Requested size: 350.99762pt x 113.82744pt.
 [20 <../outputs/resultados_nuevos/experimental_design_distribution.png>] [21] 
[22] [23] [24]
<../outputs/resultados_nuevos/FP_distancia_topologica_distribucion.png, id=434,
 1001.4213pt x 357.7365pt>
File: ../outputs/resultados_nuevos/FP_distancia_topologica_distribucion.png Gra
phic file (type png)
<use ../outputs/resultados_nuevos/FP_distancia_topologica_distribucion.png>
Package pdftex.def Info: ../outputs/resultados_nuevos/FP_distancia_topologica_d
istribucion.png  used on input line 628.
(pdftex.def)             Requested size: 350.99762pt x 125.38431pt.
<../outputs/resultados_nuevos/Precision_global_clasica_vs_ponderada.png, id=437
, 1002.6258pt x 357.2547pt>
File: ../outputs/resultados_nuevos/Precision_global_clasica_vs_ponderada.png Gr
aphic file (type png)
<use ../outputs/resultados_nuevos/Precision_global_clasica_vs_ponderada.png>
Package pdftex.def Info: ../outputs/resultados_nuevos/Precision_global_clasica_
vs_ponderada.png  used on input line 648.
(pdftex.def)             Requested size: 350.99762pt x 125.06827pt.
 [25

 <../outputs/resultados_nuevos/FP_distancia_topologica_distribucion.png> <../ou
tputs/resultados_nuevos/Precision_global_clasica_vs_ponderada.png>]
<../outputs/resultados_nuevos/Precision_clasica_vs_ponderada_por_elemento.png, 
id=447, 1147.1658pt x 740.7675pt>
File: ../outputs/resultados_nuevos/Precision_clasica_vs_ponderada_por_elemento.
png Graphic file (type png)
<use ../outputs/resultados_nuevos/Precision_clasica_vs_ponderada_por_elemento.p
ng>
Package pdftex.def Info: ../outputs/resultados_nuevos/Precision_clasica_vs_pond
erada_por_elemento.png  used on input line 657.
(pdftex.def)             Requested size: 350.99762pt x 226.6515pt.
<../outputs/resultados_nuevos/AUC_ROC_vs_SNR_degradation.png, id=451, 1002.6258
pt x 357.2547pt>
File: ../outputs/resultados_nuevos/AUC_ROC_vs_SNR_degradation.png Graphic file 
(type png)
<use ../outputs/resultados_nuevos/AUC_ROC_vs_SNR_degradation.png>
Package pdftex.def Info: ../outputs/resultados_nuevos/AUC_ROC_vs_SNR_degradatio
n.png  used on input line 674.
(pdftex.def)             Requested size: 350.99762pt x 125.06827pt.
 [26

 <../outputs/resultados_nuevos/Precision_clasica_vs_ponderada_por_elemento.png>
] [27 <../outputs/resultados_nuevos/AUC_ROC_vs_SNR_degradation.png>] [28

] [29]
Overfull \hbox (11.0812pt too wide) in paragraph at lines 751--752
\T1/cmr/m/n/12 JON-SWAP spec-tra, vari-able cur-rent pro-files, and deck load f
luctuations---
 []

[30] (./tablas/tabla_precision_ponderada.tex
Overfull \hbox (16.34424pt too wide) in alignment at lines 1--6
 [] [] [] [] [] [] [] 
 []


Overfull \hbox (16.34424pt too wide) in alignment at lines 6--11
 [] [] [] [] [] [] [] 
 []


Overfull \hbox (16.34424pt too wide) in alignment at lines 11--14
 [] [] [] [] [] [] [] 
 []


Overfull \hbox (16.34424pt too wide) in alignment at lines 14--16
 [] [] [] [] [] [] [] 
 []


Overfull \hbox (16.34424pt too wide) in alignment at lines 16--103
 [] [] [] [] [] [] [] 
 []

[31] [32] [33]) (./main.bbl [34] [35]) [36] (./main.aux)
 ***********
LaTeX2e <2023-11-01> patch level 1
L3 programming layer <2024-01-22>
 ***********
Package rerunfilecheck Info: File `main.out' has not changed.
(rerunfilecheck)             Checksum: 08FC2127B6295E4A59CC6A717AE4DF9B;8032.
 ) 
Here is how much of TeX's memory you used:
 12886 strings out of 476047
 209583 string characters out of 5792075
 1972975 words of memory out of 5000000
 34560 multiletter control sequences out of 15000+600000
 582426 words of font info for 99 fonts, out of 8000000 for 9000
 85 hyphenation exceptions out of 8191
 75i,10n,79p,1645b,690s stack positions out of 10000i,1000n,20000p,200000b,200000s
</usr/share/texlive/texmf-dist/fonts/type1/public/amsfonts/cm/cmbx12.pfb></us
r/share/texlive/texmf-dist/fonts/type1/public/amsfonts/cm/cmex10.pfb></usr/shar
e/texlive/texmf-dist/fonts/type1/public/amsfonts/cm/cmmi10.pfb></usr/share/texl
ive/texmf-dist/fonts/type1/public/amsfonts/cm/cmmi12.pfb></usr/share/texlive/te
xmf-dist/fonts/type1/public/amsfonts/cm/cmmi6.pfb></usr/share/texlive/texmf-dis
t/fonts/type1/public/amsfonts/cm/cmmi8.pfb></usr/share/texlive/texmf-dist/fonts
/type1/public/amsfonts/cm/cmmib10.pfb></usr/share/texlive/texmf-dist/fonts/type
1/public/amsfonts/cm/cmr10.pfb></usr/share/texlive/texmf-dist/fonts/type1/publi
c/amsfonts/cm/cmr12.pfb></usr/share/texlive/texmf-dist/fonts/type1/public/amsfo
nts/cm/cmr8.pfb></usr/share/texlive/texmf-dist/fonts/type1/public/amsfonts/cm/c
msy10.pfb></usr/share/texlive/texmf-dist/fonts/type1/public/amsfonts/cm/cmsy7.p
fb></usr/share/texlive/texmf-dist/fonts/type1/public/amsfonts/cm/cmsy8.pfb></us
r/share/texmf/fonts/type1/public/cm-super/sfbx1095.pfb></usr/share/texmf/fonts/
type1/public/cm-super/sfbx1200.pfb></usr/share/texmf/fonts/type1/public/cm-supe
r/sfrm0600.pfb></usr/share/texmf/fonts/type1/public/cm-super/sfrm0700.pfb></usr
/share/texmf/fonts/type1/public/cm-super/sfrm0800.pfb></usr/share/texmf/fonts/t
ype1/public/cm-super/sfrm1000.pfb></usr/share/texmf/fonts/type1/public/cm-super
/sfrm1095.pfb></usr/share/texmf/fonts/type1/public/cm-super/sfrm1200.pfb></usr/
share/texmf/fonts/type1/public/cm-super/sfrm1728.pfb></usr/share/texmf/fonts/ty
pe1/public/cm-super/sfti0700.pfb></usr/share/texmf/fonts/type1/public/cm-super/
sfti0800.pfb></usr/share/texmf/fonts/type1/public/cm-super/sfti1000.pfb></usr/s
hare/texmf/fonts/type1/public/cm-super/sfti1095.pfb></usr/share/texmf/fonts/typ
e1/public/cm-super/sfti1200.pfb></usr/share/texmf/fonts/type1/public/cm-super/s
ftt1000.pfb></usr/share/texmf/fonts/type1/public/cm-super/sftt1200.pfb>
Output written on main.pdf (37 pages, 5461320 bytes).
PDF statistics:
 697 PDF objects out of 1000 (max. 8388607)
 564 compressed objects within 6 object streams
 142 named destinations out of 1000 (max. 500000)
 377 words of extra memory for PDF output out of 10000 (max. 10000000)

